// Jest Snapshot v1, https://goo.gl/fbAQLP

exports[`<PersonDetails /> it should display correct person details 1`] = `
<body>
  <div>
    <h3>
      Person Details
    </h3>
    <div>
      Name: 
      test Person
    </div>
    <h3>
      Known For
    </h3>
    <div
      class="posterContainer"
    >
      <img
        alt="#"
        height="200px"
        src="https://image.tmdb.org/t/p/w500/z8onk7LV9Mmw6zKz4hT6pzzvmvl.jpg"
      />
      <img
        alt="#"
        height="200px"
        src="https://image.tmdb.org/t/p/w500/h6NYfVUyM6CDURtZSnBpz647Ldd.jpg"
      />
    </div>
    <h3>
      Profile
    </h3>
    <div>
      <img
        alt="#"
        height="100px"
        src="https://image.tmdb.org/t/p/w500/tTWRomgIMOoIB3CJLPlVbqSawEm.jpg"
      />
    </div>
  </div>
</body>
`;
